// Jest Snapshot v1, https://goo.gl/fbAQLP

exports[`Menu renders correctly 1`] = `
<nav>
  <ul>
    <li>
      <a
        href="/#0/"
      >
        Item 0
      </a>
    </li>
    <li>
      <a
        href="/#1/"
      >
        Item 1
      </a>
    </li>
  </ul>
</nav>
`;
