// Jest Snapshot v1, https://goo.gl/fbAQLP

exports[`Tags renders correctly 1`] = `
<div>
  <ul>
    <li>
      <a
        href="/test_0"
      >
        test_0
      </a>
    </li>
    <li>
      <a
        href="/test_1"
      >
        test_1
      </a>
    </li>
  </ul>
</div>
`;
